<html>
<body>
<pre>
<h1>µVision Build Log</h1>
<h2>Tool Versions:</h2>
IDE-Version: µVision V5.26.2.0
Copyright (C) 2018 ARM Ltd and ARM Germany GmbH. All rights reserved.
License Information: Issa ihachem, HP Inc., LIC=----
 
Tool Versions:
Toolchain:       MDK-Lite  Version: 5.26.2.0
Toolchain Path:  C:\Keil_v5\ARM\ARMCC\Bin
C Compiler:      Armcc.exe V5.06 update 6 (build 750)
Assembler:       Armasm.exe V5.06 update 6 (build 750)
Linker/Locator:  ArmLink.exe V5.06 update 6 (build 750)
Library Manager: ArmAr.exe V5.06 update 6 (build 750)
Hex Converter:   FromElf.exe V5.06 update 6 (build 750)
CPU DLL:         SARMCM3.DLL V5.26.2.0
Dialog DLL:      DCM.DLL V1.17.2.0
Target DLL:      lmidk-agdi.dll V???
Dialog DLL:      TCM.DLL V1.36.1.0
 
<h2>Project:</h2>
C:\Users\ihach\OneDrive\Desktop\473\SAR_Tiva_C_Launchpad_EK-TM4C123GXL_uCOS-II\Software\EvalBoards\TI\Tiva C Launchpad EK-TM4C123GXL\OS2\KeilMDK\OS2.uvproj
Project File Date:  12/04/2023

<h2>Output:</h2>
*** Using Compiler 'V5.06 update 6 (build 750)', folder: 'C:\Keil_v5\ARM\ARMCC\Bin'
Rebuild target 'FLASH'
assembling cstartup.s...
compiling cpu_c.c...
assembling cpu_a.asm...
compiling app_hooks.c...
compiling bsp_sys.c...
compiling cpu_bsp.c...
compiling lib_ascii.c...
compiling bsp_led.c...
assembling lib_mem_a.asm...
compiling bsp.c...
compiling lib_math.c...
compiling cpu_core.c...
compiling app.c...
..\app.c(147): warning:  #177-D: variable "sw2_status"  was declared but never referenced
  	uint32_t sw2_status;
..\app.c(245): warning:  #177-D: variable "err"  was declared but never referenced
  	INT8U err;
..\app.c(247): warning:  #177-D: variable "p_tcb"  was declared but never referenced
  	OS_TCB *p_tcb = &blinkyTCB;
..\app.c(298): warning:  #177-D: variable "newBlinkRate"  was declared but never referenced
  	uint32_t newBlinkRate, newColor;
..\app.c(298): warning:  #177-D: variable "newColor"  was declared but never referenced
  	uint32_t newBlinkRate, newColor;
..\app.c(362): warning:  #1-D: last line of file ends without a newline
  }
..\app.c(76): warning:  #177-D: variable "Task1Stk"  was declared but never referenced
  static OS_STK Task1Stk[APP_CFG_TASK_START_STK_SIZE];
..\app.c(77): warning:  #177-D: variable "Task2Stk"  was declared but never referenced
  static OS_STK Task2Stk[APP_CFG_TASK_START_STK_SIZE];
..\app.c(327): warning:  #177-D: function "Task1"  was declared but never referenced
  static void Task1 (void *p_arg)
..\app.c(340): warning:  #177-D: function "Task2"  was declared but never referenced
  static void Task2 (void *p_arg)
..\app.c: 10 warnings, 0 errors
compiling bsp_int.c...
compiling lib_str.c...
compiling os_core.c...
compiling lib_mem.c...
compiling os_mbox.c...
compiling os_flag.c...
compiling os_q.c...
compiling os_mem.c...
compiling os_sem.c...
compiling os_time.c...
compiling os_mutex.c...
compiling os_task.c...
compiling os_tmr.c...
assembling os_cpu_a.asm...
compiling os_dbg.c...
compiling os_cpu_c.c...
..\..\..\..\..\uCOS-II\Ports\ARM-Cortex-M4\Generic\RealView\os_cpu_c.c(381): warning:  #223-D: function "OS_CPU_FP_Reg_Push" declared implicitly
          OS_CPU_FP_Reg_Push(OSTCBCur->OSTCBStkPtr);
..\..\..\..\..\uCOS-II\Ports\ARM-Cortex-M4\Generic\RealView\os_cpu_c.c(385): warning:  #223-D: function "OS_CPU_FP_Reg_Pop" declared implicitly
          OS_CPU_FP_Reg_Pop(OSTCBHighRdy->OSTCBStkPtr);
..\..\..\..\..\uCOS-II\Ports\ARM-Cortex-M4\Generic\RealView\os_cpu_c.c: 2 warnings, 0 errors
compiling comp.c...
compiling adc.c...
compiling eeprom.c...
compiling flash.c...
compiling can.c...
compiling cpu.c...
compiling fpu.c...
compiling mpu.c...
compiling interrupt.c...
compiling hibernate.c...
compiling gpio.c...
compiling i2c.c...
compiling pwm.c...
compiling qei.c...
compiling sw_crc.c...
compiling ssi.c...
compiling systick.c...
compiling sysexc.c...
compiling timer.c...
compiling uart.c...
compiling watchdog.c...
compiling udma.c...
compiling sysctl.c...
compiling uartstdio.c...
compiling usb.c...
linking...
Program Size: Code=21434 RO-data=2006 RW-data=1644 ZI-data=10428  
".\Flash\OS2.axf" - 0 Error(s), 12 Warning(s).
Build Time Elapsed:  00:00:02
</pre>
</body>
</html>
